[INFO] Error stacktraces are turned on.
[INFO] Scanning for projects...
[INFO] 
[INFO] ------------------------------------------------------------------------
[INFO] Building SynApps 0.0.1-SNAPSHOT
[INFO] ------------------------------------------------------------------------
[INFO] 
[INFO] --- jaxb2-maven-plugin:1.6:schemagen (schemagen) @ SynApps ---
[INFO] 
[INFO] --- maven-resources-plugin:2.6:resources (default-resources) @ SynApps ---
[INFO] Using 'UTF-8' encoding to copy filtered resources.
[INFO] Copying 1 resource
[INFO] Copying 0 resource
[INFO] 
[INFO] --- maven-compiler-plugin:3.1:compile (default-compile) @ SynApps ---
[INFO] Nothing to compile - all classes are up to date
[INFO] 
[INFO] --- maven-resources-plugin:2.6:testResources (default-testResources) @ SynApps ---
[INFO] Using 'UTF-8' encoding to copy filtered resources.
[INFO] skip non existing resourceDirectory D:\Customer\Griffin\Code\neon\SynApps\src\test\resources
[INFO] 
[INFO] --- maven-compiler-plugin:3.1:testCompile (default-testCompile) @ SynApps ---
[INFO] Nothing to compile - all classes are up to date
[INFO] 
[INFO] --- maven-surefire-plugin:2.18.1:test (default-test) @ SynApps ---
[INFO] Surefire report directory: D:\Customer\Griffin\Code\neon\SynApps\target\surefire-reports

-------------------------------------------------------
 T E S T S
-------------------------------------------------------

Results :

Tests run: 0, Failures: 0, Errors: 0, Skipped: 0

[INFO] 
[INFO] --- maven-jar-plugin:2.5:jar (default-jar) @ SynApps ---
[INFO] Building jar: D:\Customer\Griffin\Code\neon\SynApps\target\SynApps-0.0.1-SNAPSHOT.jar
[INFO] 
[INFO] --- spring-boot-maven-plugin:1.3.6.RELEASE:repackage (default) @ SynApps ---
[INFO] ------------------------------------------------------------------------
[INFO] BUILD SUCCESS
[INFO] ------------------------------------------------------------------------
[INFO] Total time: 19.875 s
[INFO] Finished at: 2017-07-28T13:58:27+05:30
[INFO] Final Memory: 38M/355M
[INFO] ------------------------------------------------------------------------
